Loading training
Loading validation
Fitting base12_early 0 rows 994477 945018
{"arm": "base12_early", "member": 0, "fit_best": 38, "buy_best": 38, "seconds": 21.896223666029982, "rows": 840345, "model_mae_cents": 9.194565701196401, "mae_gain_cents": 0.2087546612737749, "directional_cents": 1.2362420791460649, "bias_cents": -0.23138636124282094, "signal_fraction": 0.33225520470759035, "entry_fraction": 0.26640962937841006, "entry_directional_cents": 2.4338872858189355}
Baseline reproduction max abs delta 0.0
Fitting base12_early 1 rows 994477 945018
{"arm": "base12_early", "member": 1, "fit_best": 43, "buy_best": 43, "seconds": 22.839478500012774, "rows": 840345, "model_mae_cents": 9.196521568980543, "mae_gain_cents": 0.20679879348963456, "directional_cents": 1.2689560240139464, "bias_cents": -0.17687427477462858, "signal_fraction": 0.35513509332476545, "entry_fraction": 0.2824708899321112, "entry_directional_cents": 2.381798266862701}
Baseline reproduction max abs delta 0.0
Fitting base12_early 2 rows 994477 945018
{"arm": "base12_early", "member": 2, "fit_best": 37, "buy_best": 39, "seconds": 22.225238249986432, "rows": 840345, "model_mae_cents": 9.21007422292684, "mae_gain_cents": 0.19324613954333558, "directional_cents": 1.2149997322528248, "bias_cents": -0.31240607389831426, "signal_fraction": 0.331919628247922, "entry_fraction": 0.26184364754951833, "entry_directional_cents": 2.42172773917351}
Baseline reproduction max abs delta 0.0
{"arm": "base12_early", "member": "ensemble3", "selector": "fit_window", "rows": 840345, "model_mae_cents": 9.18870722646934, "mae_gain_cents": 0.21461313600083667, "directional_cents": 1.28941143220939, "bias_cents": -0.2402231186333744, "signal_fraction": 0.32964913220165526, "entry_fraction": 0.2649102451969132, "entry_directional_cents": 2.453185530240414}
{"arm": "base12_early", "member": "ensemble3", "selector": "buy_window", "rows": 840345, "model_mae_cents": 9.188447596618786, "mae_gain_cents": 0.21487276585138868, "directional_cents": 1.298405476322225, "bias_cents": -0.2390124657681127, "signal_fraction": 0.33171614039471886, "entry_fraction": 0.26630729045808565, "entry_directional_cents": 2.445758076768399}
Fitting catalog77_early 0 rows 994477 945018
{"arm": "catalog77_early", "member": 0, "fit_best": 40, "buy_best": 40, "seconds": 40.51737095799763, "rows": 840345, "model_mae_cents": 9.175102083699029, "mae_gain_cents": 0.2282182787711473, "directional_cents": 1.402329697921687, "bias_cents": -0.20044949168599194, "signal_fraction": 0.35521601247106843, "entry_fraction": 0.2794626016695524, "entry_directional_cents": 2.54163512103728}
Fitting catalog77_early 1 rows 994477 945018
{"arm": "catalog77_early", "member": 1, "fit_best": 46, "buy_best": 46, "seconds": 46.63072383299004, "rows": 840345, "model_mae_cents": 9.18946924091149, "mae_gain_cents": 0.21385112155868571, "directional_cents": 1.4012568052407046, "bias_cents": -0.14875974010121606, "signal_fraction": 0.3693816230238771, "entry_fraction": 0.2896548441413943, "entry_directional_cents": 2.5607288114703586}
Fitting catalog77_early 2 rows 994477 945018
{"arm": "catalog77_early", "member": 2, "fit_best": 48, "buy_best": 48, "seconds": 46.88466345804045, "rows": 840345, "model_mae_cents": 9.190290358439993, "mae_gain_cents": 0.21303000403018363, "directional_cents": 1.3370365147647691, "bias_cents": -0.2802940941722674, "signal_fraction": 0.374497379052651, "entry_fraction": 0.2867036752762258, "entry_directional_cents": 2.5534607562362512}
{"arm": "catalog77_early", "member": "ensemble3", "selector": "fit_window", "rows": 840345, "model_mae_cents": 9.172189912750692, "mae_gain_cents": 0.2311304497194835, "directional_cents": 1.4153167449083413, "bias_cents": -0.20984052374541187, "signal_fraction": 0.3573211002623922, "entry_fraction": 0.28023847348410474, "entry_directional_cents": 2.6395597396145174}
{"arm": "catalog77_early", "member": "ensemble3", "selector": "buy_window", "rows": 840345, "model_mae_cents": 9.172189912750692, "mae_gain_cents": 0.2311304497194835, "directional_cents": 1.4153167449083413, "bias_cents": -0.20984052374541187, "signal_fraction": 0.3573211002623922, "entry_fraction": 0.28023847348410474, "entry_directional_cents": 2.6395597396145174}
Fitting base12_full 0 rows 2729760 2600653
{"arm": "base12_full", "member": 0, "fit_best": 31, "buy_best": 76, "seconds": 39.392485832970124, "rows": 840345, "model_mae_cents": 9.194421674964552, "mae_gain_cents": 0.20889868750562324, "directional_cents": 1.082541991681988, "bias_cents": -0.24466724236959178, "signal_fraction": 0.29141721554837596, "entry_fraction": 0.2559960492416805, "entry_directional_cents": 2.297911679256246}
Fitting base12_full 1 rows 2729760 2600653
{"arm": "base12_full", "member": 1, "fit_best": 43, "buy_best": 101, "seconds": 42.27757479203865, "rows": 840345, "model_mae_cents": 9.189981576348808, "mae_gain_cents": 0.21333878612136642, "directional_cents": 1.1290048134992177, "bias_cents": -0.1720253289117011, "signal_fraction": 0.3293873349636161, "entry_fraction": 0.2767756100173143, "entry_directional_cents": 2.3780679917622223}
Fitting base12_full 2 rows 2729760 2600653
{"arm": "base12_full", "member": 2, "fit_best": 35, "buy_best": 81, "seconds": 43.20055912499083, "rows": 840345, "model_mae_cents": 9.183563292604688, "mae_gain_cents": 0.21975706986548635, "directional_cents": 1.1110897905027102, "bias_cents": -0.3011937925246133, "signal_fraction": 0.3387453962360697, "entry_fraction": 0.28458787759789134, "entry_directional_cents": 2.3853969442028498}
{"arm": "base12_full", "member": "ensemble3", "selector": "fit_window", "rows": 840345, "model_mae_cents": 9.183806874290429, "mae_gain_cents": 0.21951348817974814, "directional_cents": 1.1363918985654702, "bias_cents": -0.2392991594474083, "signal_fraction": 0.3141923852703354, "entry_fraction": 0.270469866542908, "entry_directional_cents": 2.379923929111964}
{"arm": "base12_full", "member": "ensemble3", "selector": "buy_window", "rows": 840345, "model_mae_cents": 9.174243479316289, "mae_gain_cents": 0.22907688315388589, "directional_cents": 1.242403239145827, "bias_cents": -0.23259455834473583, "signal_fraction": 0.36822852518905924, "entry_fraction": 0.31241573401400613, "entry_directional_cents": 2.3180862126100323}
Fitting catalog77_full 0 rows 2729760 2600653
{"arm": "catalog77_full", "member": 0, "fit_best": 63, "buy_best": 90, "seconds": 84.37746020796476, "rows": 840345, "model_mae_cents": 9.176080576652563, "mae_gain_cents": 0.22723978581761303, "directional_cents": 1.1983921484628335, "bias_cents": -0.236286368743732, "signal_fraction": 0.38153020485633876, "entry_fraction": 0.3253187678869988, "entry_directional_cents": 2.2560158021801153}
Fitting catalog77_full 1 rows 2729760 2600653
{"arm": "catalog77_full", "member": 1, "fit_best": 52, "buy_best": 113, "seconds": 80.29153695795685, "rows": 840345, "model_mae_cents": 9.179969209745435, "mae_gain_cents": 0.2233511527247409, "directional_cents": 1.21322867393749, "bias_cents": -0.20042487730083533, "signal_fraction": 0.3644860146725452, "entry_fraction": 0.2992616127899851, "entry_directional_cents": 2.3747702628010643}
Fitting catalog77_full 2 rows 2729760 2600653
{"arm": "catalog77_full", "member": 2, "fit_best": 50, "buy_best": 130, "seconds": 79.49194891599473, "rows": 840345, "model_mae_cents": 9.177410762769881, "mae_gain_cents": 0.22590959970029584, "directional_cents": 1.1748433679024688, "bias_cents": -0.3362087707646612, "signal_fraction": 0.38875699861366464, "entry_fraction": 0.3223437992729177, "entry_directional_cents": 2.2973204001772003}
{"arm": "catalog77_full", "member": "ensemble3", "selector": "fit_window", "rows": 840345, "model_mae_cents": 9.171164285755747, "mae_gain_cents": 0.23215607671442906, "directional_cents": 1.2059941452617675, "bias_cents": -0.2576444515747768, "signal_fraction": 0.3714760009281902, "entry_fraction": 0.311785040667821, "entry_directional_cents": 2.3538708889457154}
{"arm": "catalog77_full", "member": "ensemble3", "selector": "buy_window", "rows": 840345, "model_mae_cents": 9.162095274852629, "mae_gain_cents": 0.24122508761754702, "directional_cents": 1.2927570819127856, "bias_cents": -0.23228335140831072, "signal_fraction": 0.3956410759866483, "entry_fraction": 0.3302952953846337, "entry_directional_cents": 2.3773819903300883}
