time="2026-10-08T05:46:49+02:00" level=warning msg="The \"STEAM_KEYS\" variable is not set. Defaulting to a blank string."
time="2026-10-08T05:46:49+02:00" level=warning msg="The \"TG_BOT_API_TOKEN\" variable is not set. Defaulting to a blank string."
time="2026-10-08T05:46:49+02:00" level=warning msg="The \"BROWSER_ADDRESS\" variable is not set. Defaulting to a blank string."
time="2026-10-08T05:46:49+02:00" level=warning msg="The \"DOTA_TRADING_MODE\" variable is not set. Defaulting to a blank string."
time="2026-10-08T05:46:49+02:00" level=warning msg="The \"LOL_TRADING_MODE\" variable is not set. Defaulting to a blank string."
time="2026-10-08T05:46:49+02:00" level=warning msg="The \"TG_CHAT_ID\" variable is not set. Defaulting to a blank string."
time="2026-10-08T05:46:49+02:00" level=warning msg="The \"PK\" variable is not set. Defaulting to a blank string."
time="2026-10-08T05:46:49+02:00" level=warning msg="The \"ODDIN_BRAND_TOKEN\" variable is not set. Defaulting to a blank string."
time="2026-10-08T05:46:49+02:00" level=warning msg="The \"POLYGON_RPC\" variable is not set. Defaulting to a blank string."
time="2026-10-08T05:46:49+02:00" level=warning msg="The \"STEAM_KEYS\" variable is not set. Defaulting to a blank string."
time="2026-10-08T05:46:49+02:00" level=warning msg="The \"POLY_BUILDER_SECRET_B\" variable is not set. Defaulting to a blank string."
time="2026-10-08T05:46:49+02:00" level=warning msg="The \"TG_CHAT_ID_B\" variable is not set. Defaulting to a blank string."
time="2026-10-08T05:46:49+02:00" level=warning msg="The \"TG_BOT_API_TOKEN\" variable is not set. Defaulting to a blank string."
time="2026-10-08T05:46:49+02:00" level=warning msg="The \"BROWSER_ADDRESS_B\" variable is not set. Defaulting to a blank string."
time="2026-10-08T05:46:49+02:00" level=warning msg="The \"POLY_BUILDER_KEY_B\" variable is not set. Defaulting to a blank string."
time="2026-10-08T05:46:49+02:00" level=warning msg="The \"POLY_BUILDER_PASSPHRASE_B\" variable is not set. Defaulting to a blank string."
time="2026-10-08T05:46:49+02:00" level=warning msg="The \"ODDIN_BRAND_TOKEN\" variable is not set. Defaulting to a blank string."
time="2026-10-08T05:46:49+02:00" level=warning msg="The \"POLYGON_RPC\" variable is not set. Defaulting to a blank string."
time="2026-10-08T05:46:49+02:00" level=warning msg="The \"PK_WALLET_B\" variable is not set. Defaulting to a blank string."
time="2026-10-08T05:46:49+02:00" level=warning msg="The \"DOTA_TRADING_MODE\" variable is not set. Defaulting to a blank string."
time="2026-10-08T05:46:49+02:00" level=warning msg="The \"LOL_TRADING_MODE\" variable is not set. Defaulting to a blank string."
time="2026-10-08T05:46:49+02:00" level=warning msg="The \"STEAM_KEYS\" variable is not set. Defaulting to a blank string."
time="2026-10-08T05:46:49+02:00" level=warning msg="The \"TG_BOT_API_TOKEN\" variable is not set. Defaulting to a blank string."
time="2026-10-08T05:46:49+02:00" level=warning msg="The \"TG_CHAT_ID\" variable is not set. Defaulting to a blank string."
time="2026-10-08T05:46:49+02:00" level=warning msg="The \"ODDIN_BRAND_TOKEN\" variable is not set. Defaulting to a blank string."
