{"t": 1791247638.294519, "cmd": {"balance": "fail"}}
{"t": 1791247643.854822, "cmd": {"balance": "ok"}}
{"t": 1791247655.510911, "cmd": {"disconnect_yes": true}}
{"t": 1791247697.228399, "cmd": {"reconnect_yes": true}}
{"t": 1791247779.482636, "cmd": {"fetch_sleep": 25}}
{"t": 1791247789.177578, "cmd": {"fetch_sleep": 0}}
{"t": 1791247790.189328, "cmd": {"xss_map": true}}
{"t": 1791247848.138517, "cmd": {"balance": "fail"}}
{"t": 1791247853.251385, "cmd": {"balance": "ok"}}
{"t": 1791247864.899623, "cmd": {"disconnect_yes": true}}
{"t": 1791247946.294129, "cmd": {"reconnect_yes": true}}
{"t": 1791247949.3155289, "cmd": {"fetch_sleep": 25}}
{"t": 1791247964.014136, "cmd": {"fetch_sleep": 0}}
{"t": 1791247965.0265229, "cmd": {"xss_map": true}}
{"t": 1791248003.073754, "cmd": {"balance": "fail"}}
{"t": 1791248013.706718, "cmd": {"balance": "ok"}}
{"t": 1791248025.35324, "cmd": {"disconnect_yes": true}}
{"t": 1791248027.9261818, "cmd": {"reconnect_yes": true}}
{"t": 1791248030.4603431, "cmd": {"fetch_sleep": 25}}
{"t": 1791248034.0911171, "cmd": {"fetch_sleep": 0}}
{"t": 1791248035.104658, "cmd": {"xss_map": true}}
{"t": 1791248061.960618, "cmd": {"balance": "fail"}}
{"t": 1791248063.488767, "cmd": {"balance": "ok"}}
{"t": 1791248075.232352, "cmd": {"disconnect_yes": true}}
{"t": 1791248077.771623, "cmd": {"reconnect_yes": true}}
{"t": 1791248080.313478, "cmd": {"fetch_sleep": 25}}
{"t": 1791248088.4367921, "cmd": {"fetch_sleep": 0}}
{"t": 1791248089.961706, "cmd": {"xss_map": true}}
