saved tag_65_closed page 0: 100 events
saved tag_65_closed page 1: 100 events
saved tag_65_closed page 2: 100 events
saved tag_65_closed page 3: 100 events
saved tag_65_closed page 4: 100 events
saved tag_65_closed page 5: 100 events
saved tag_65_closed page 6: 100 events
saved tag_65_closed page 7: 100 events
saved tag_65_closed page 8: 100 events
saved tag_65_closed page 9: 100 events
saved tag_65_closed page 10: 100 events
saved tag_65_closed page 11: 100 events
saved tag_65_closed page 12: 100 events
saved tag_65_closed page 13: 100 events
saved tag_65_closed page 14: 100 events
saved tag_65_closed page 15: 100 events
saved tag_65_closed page 16: 100 events
saved tag_65_closed page 17: 100 events
saved tag_65_closed page 18: 100 events
saved tag_65_closed page 19: 100 events
saved tag_65_closed page 20: 100 events
saved tag_65_closed page 21: 100 events
saved tag_65_closed page 22: 100 events
saved tag_65_closed page 23: 100 events
saved tag_65_closed page 24: 100 events
saved tag_65_closed page 25: 100 events
saved tag_65_closed page 26: 100 events
saved tag_65_closed page 27: 100 events
saved tag_65_closed page 28: 100 events
saved tag_65_closed page 29: 100 events
saved tag_65_closed page 30: 100 events
saved tag_65_closed page 31: 100 events
saved tag_65_closed page 32: 53 events
complete tag_65_closed: 33 pages
saved tag_65_open page 0: 100 events
saved tag_65_open page 1: 50 events
complete tag_65_open: 2 pages
events: 3403
markets: 78327
included: 7731
game_winner: 4783
malformed_tokens: 24
match_winner_decider: 2948
missing_best_of: 8
series_only: 32
unresolved_market: 402
unsupported_bo2: 192
unsupported_contract: 69938
