=== totals on the 16 maps ===
sim    pnl   261.68  bought    6757.2  c/$ 3.87  fills 812
engine pnl    14.23 (+rebate 12.99 = 27.23)  bought    3941.9  c/$ 0.69  fills 670

=== per map ===
            sim_pnl  sim_buy  sim_fills  eng_pnl  eng_buy  eng_fills  eng_submitted  window_s  live_s  stale_book  pair_tolerance  stale_signal  anchor  fair  min_delta  min_price  max_price  cutoff  nw_velocity  missing_nw  dust  exit_settle  no_cash  position_cap  other                                 slug
match_id                                                                                                                                                                                                                                                                                                             
9021540875     33.8    755.8         93     10.1    495.4         84           2020      2761    2284          80               0           292       0     0          0          0          0      53            0           0     0            0        0             0     25     dota2-1win-navi-2026-09-29-game1
9021972530     -0.8     20.8          3     -3.9      3.9          3            241      2218    1169           1               0           160       0     0          0          0          0     129            0           0     0            0        0             0      0    dota2-liquid-yb1-2026-09-29-game1
9023195630      1.2     18.8          1      0.0      0.0          0            161      2145    1198          19               0           262       0     0          0          0          0      68            0           0     0            0        0             0     59      dota2-nem-navi-2026-09-30-game2
9024383111     83.6   1500.8        183     -8.9    871.3        149           3531      3653    3122          23              61           370       0     0          0          0          0     184            0           0     0            0        0             0      0       dota2-mouz-og-2026-10-01-game1
9026055399     18.4    641.3         72    -10.0    478.5         65           2082      2615    2263           9              13           193       0     0          0          0          0      86            0           0     0            0        0             0    143     dota2-gl-liquid-2026-10-02-game1
9027799260     10.5    350.6         35      0.0    160.5         24            921      2245    1615           0               6           313       0     0          0          0          0      90            0           0     0            0        0             0      0        dota2-ts8-ty-2026-10-03-game1
8989511448     39.8    483.6         62     21.1    281.3         54           1856      2956    2036           6               0           425       0     0          0          0          0     149            0           0     0            0        0             0      0       dota2-mouz-gl-2026-09-08-game1
8992034384     15.8   1006.8        126    -10.2    566.8        102           2299      3097    2408          12               0           450       0     0          0          0          0       0            0           0     0            0        0             0    137       dota2-navi-ks-2026-09-10-game1
9009358839    -17.0    298.0         40      5.4    147.1         33           5145      2656    2077          13               0           450       0     0          0          0          0     133            0           0     0            0        0             0     43  dota2-nemiga-kalmy-2026-09-21-game1
9011525353      0.9    206.5         27    -13.8     53.8         10            647      2298    1227          28               0           263       0     0          0          0          0     180            0           0     0            0        0             0     64  dota2-synaps-kalmy-2026-09-22-game1
9015368144      4.7    165.7         22     11.8     23.2          5           1017      2621    1849          54               0           186       0     0          0          0          0     105            0           0     0            0        0             0    417    dota2-synaps-yes-2026-09-25-game1
9007618767      0.0      0.0          0     -0.7     79.9         10           2466      4030    3837          66               0             0       0     0          0          0          0      73            0           0     0            0        0             0     62    dota2-playti-tc4-2026-09-20-game1
9009368871     15.7    225.0         24      7.5    197.0         27           1524      2270    2173          72               0             0       0     0          0          0          0       0            0           0     0            0        0             0     92       dota2-cs-1win-2026-09-21-game1
9010793762     -1.5     61.6          9     -5.9      5.9          2            813      2222    1380         105               0             0       0     0          0          0          0      76            0           0     0            0        0             0     34        dota2-pi-tc4-2026-09-22-game1
9013623742      8.6     51.6          7     -4.0     24.0          6            639      2093    1316          40               0             0       0     0          0          0          0      75            0           0     0            0        0             0      0      dota2-navi-lgd-2026-09-24-game1
9018837779     47.9    970.4        108     15.8    553.2         96           2411      2689    2616          62               0             0       0     0          0          0          0      65            0           0     0            0        0             0      0       dota2-ty-navi-2026-09-27-game2

=== sim fills: through vs at-price ===
           n       shares     notional
through                               
False    311  4218.325478  1981.965086
True     501  9798.378388  4775.208988
sim fills with unknown/zero queue ahead: 0.472
sim at-price fills: median ahead 10.0

=== engine fills: queue_ahead at submit, is_maker ===
       queue_ahead  quantity   price
count       670.00    670.00  670.00
mean        119.65     12.36    0.47
std         557.56      6.17    0.20
min           0.00      0.00    0.02
25%           0.00      7.97    0.30
50%           0.00     10.30    0.47
75%          42.00     20.00    0.64
max        9050.88     20.00    0.87
engine fills per side: {0: 339, 1: 331}  sim: {0: 396, 1: 416}

=== engine order life ===
orders accepted: 27719  median rest_s 0.333  p25 0.06  p75 1.538
submit->accept ms median 182.998528
cancel req->ack ms median 60.00128

=== each sim fill vs engine state at that instant ===
                                      n  notional  through_share
engine_state    engine_filled_near                              
eng_px_higher   False                11     81.40           0.82
                True                  8     56.00           0.88
eng_px_lower    False               200   1689.62           0.51
                True                 47    406.00           0.72
in_flight       False                88    614.53           0.45
                True                 26    244.00           0.81
no_order        False                95    920.85           0.58
                True                232   1932.20           0.65
same_px_no_fill False                60    502.16           0.85
                True                 45    310.41           0.69

by through flag:
                           n  notional
through engine_state                  
False   eng_px_higher      3      14.4
        eng_px_lower     111     798.6
        in_flight         53     283.9
        no_order         121     780.0
        same_px_no_fill   23     105.0
True    eng_px_higher     16     123.0
        eng_px_lower     136    1297.0
        in_flight         61     574.6
        no_order         206    2073.1
        same_px_no_fill   82     707.5

no_order reasons: {'churn/band/size': 250, 'stale_signal': 44, 'pair_tolerance': 18, 'paused': 7, 'cutoff': 7, 'stale_book': 1}
