self_check ok 0.8749
/Users/dimabytes/work/polymarket/dota_2_bot/betting_workspace/reports/2026-10-07-two-sided-merge/work/orchestrator/phase_h.py:51: FutureWarning: The behavior of DataFrame concatenation with empty or all-NA entries is deprecated. In a future version, this will no longer exclude empty or all-NA columns when determining the result dtypes. To retain the old behavior, exclude the relevant entries before the concat operation.
  df = pd.concat(list(ex.map(run_map, maps)), ignore_index=True)
controls reproduce grok-sim grid: ok
                name  s  pessimistic     pnl    bought  c_per_$  median_map  worst  neg  fills  peak_p95   p0_8  p8_20     p20
   h1 flat (control) 20        False   11.83  42688.64     0.03        3.55 -54.32 0.37   4980    101.97  88.32  -5.70 -199.89
   h3 flat (control) 20        False  342.97  12465.18     2.75        6.68 -54.06 0.23   1491     72.94  52.69  88.59  160.03
         phase 1/2/3 20        False  420.24  21051.80     2.00        9.04 -49.73 0.30   2534     70.90  92.13  94.85  163.80
         phase 1/3/3 20        False  394.25  18260.47     2.16        7.36 -48.93 0.27   2190     68.91  99.74  89.52  144.42
         phase 2/2/3 20        False  356.25  16605.33     2.15        7.97 -51.80 0.33   1989     72.02  82.45  77.13  142.62
         h1 + jump+2 20        False  463.47  20710.83     2.24        7.89 -54.06 0.23   2511     71.06  74.29 107.77  212.53
         h2 + jump+1 20        False  408.67  14693.14     2.78        6.61 -54.06 0.27   1772     62.94  57.54 110.85  189.75
phase 1/2/3 + jump+1 20        False  460.51  14568.54     3.16        7.69 -48.81 0.17   1752     71.62  98.91 103.85  206.76
   h1 flat (control) 20         True  -87.07  34770.80    -0.25       -3.47 -61.19 0.60   3484     99.91  75.00 -22.53 -244.87
   h3 flat (control) 20         True  219.48  10914.20     2.01        3.48 -54.06 0.30   1134     61.04  43.10  71.60   68.50
         phase 1/2/3 20         True  259.92  17094.80     1.52        4.59 -56.79 0.37   1754     62.85  75.10  63.53   64.97
         phase 1/3/3 20         True  265.73  15142.80     1.75        2.48 -56.19 0.40   1561     61.53  80.60  81.80   53.20
         phase 2/2/3 20         True  227.89  13996.00     1.63        1.93 -55.66 0.40   1442     65.97  63.60  55.13   65.07
         h1 + jump+2 20         True  295.04  16575.20     1.78        3.33 -54.06 0.30   1704     65.00  72.80  70.30   95.00
         h2 + jump+1 20         True  260.41  12437.40     2.09        4.23 -54.06 0.33   1282     60.77  48.30  78.80   90.90
phase 1/2/3 + jump+1 20         True  321.17  11977.80     2.68        6.12 -53.47 0.30   1249     58.92  88.20  90.33  100.27
   h1 flat (control) 50        False   96.13 102051.56     0.09        0.65 -87.24 0.47   5331    173.65 123.80 -11.26 -316.60
   h3 flat (control) 50        False  813.23  32319.11     2.52       21.86 -86.40 0.17   1744    124.92 114.13 158.61  434.46
         phase 1/2/3 50        False  924.29  53526.01     1.73       22.41 -93.22 0.27   2875    130.25 133.92 180.03  443.32
         phase 1/3/3 50        False  901.63  46870.97     1.92       21.01 -91.72 0.23   2511    129.43 129.23 176.42  449.68
         phase 2/2/3 50        False  998.62  43103.46     2.32       21.20 -57.51 0.27   2376    115.26 190.14 179.65  490.58
         h1 + jump+2 50        False 1001.70  53034.48     1.89       21.64 -86.40 0.17   2883    135.42 145.73 198.62  488.94
         h2 + jump+1 50        False 1045.58  38092.12     2.74       23.27 -86.40 0.20   2109    130.50 156.84 237.84  523.73
phase 1/2/3 + jump+1 50        False 1173.35  37185.07     3.16       18.33 -65.48 0.17   1966    119.43 180.02 226.38  644.82
   h1 flat (control) 50         True -160.57  86718.50    -0.19       -2.30 -99.72 0.60   3466    183.72 114.33 -55.21 -477.75
   h3 flat (control) 50         True  693.84  28895.00     2.40       15.28 -86.40 0.23   1190    134.15  89.37 116.14  395.36
         phase 1/2/3 50         True  750.87  45795.00     1.64       17.32 -93.22 0.20   1865    141.12 117.70 125.72  361.42
         phase 1/3/3 50         True  765.91  40112.00     1.91       19.13 -91.72 0.20   1640    133.02 115.62 130.17  392.00
         phase 2/2/3 50         True  737.13  38032.00     1.94       12.78 -90.40 0.27   1555    143.78 131.23 123.00  364.07
         h1 + jump+2 50         True  816.28  45270.00     1.80       15.82 -86.40 0.23   1850    133.92 154.38 130.55  382.95
         h2 + jump+1 50         True  834.93  33316.50     2.51       15.93 -86.40 0.23   1371    135.50 123.79 178.97  424.78
phase 1/2/3 + jump+1 50         True  998.35  32557.00     3.07       17.31 -86.40 0.17   1346    130.25 160.37 185.38  543.09
