self_check ok 0.8749
                name  s  pessimistic     pnl   bought  c_per_$  median_map  worst  neg  fills  peak_p95   p0_8  p8_20    p20
phase 1/2/3 + jump+1 20        False  460.51 14568.54     3.16        7.69 -48.81 0.17   1752     71.62  98.91 103.85 206.76
phase 1/2/3 + jump+2 20        False  368.38 10990.51     3.35        8.62 -50.27 0.27   1322     63.88  75.93  82.41 167.89
phase 1/2/3 + jump+3 20        False  357.84  9242.56     3.87       10.74 -43.96 0.23   1113     66.30  76.40  83.32 159.84
         h1 + jump+3 20        False  460.06 16488.10     2.79        9.21 -47.76 0.17   2018     66.36  70.57  84.88 246.93
phase 1/1/2 + jump+2 20        False  483.02 16113.03     3.00        7.20 -52.47 0.17   1943     72.28  74.49 106.31 245.18
phase 1/2/2 + jump+2 20        False  445.03 13451.22     3.31        5.76 -51.87 0.20   1604     64.00  75.41  85.36 235.52
phase 1/2/3 + jump+1 20         True  321.17 11977.80     2.68        6.12 -53.47 0.30   1249     58.92  88.20  90.33 100.27
phase 1/2/3 + jump+2 20         True  298.09  9031.40     3.30       10.84 -50.27 0.30    946     53.30  74.20  70.83 116.87
phase 1/2/3 + jump+3 20         True  334.66  7449.80     4.49       12.45 -41.68 0.23    784     48.75  77.80  64.23 161.57
         h1 + jump+3 20         True  395.84 13064.40     3.03        9.02 -45.87 0.27   1365     54.75  69.30  80.50 199.20
phase 1/1/2 + jump+2 20         True  328.21 13113.20     2.50        4.21 -52.47 0.20   1357     63.11  73.00  74.33 132.77
phase 1/2/2 + jump+2 20         True  306.31 11008.40     2.78        6.17 -51.87 0.30   1144     60.75  74.00  69.10 121.80
phase 1/2/3 + jump+1 50        False 1173.35 37185.07     3.16       18.33 -65.48 0.17   1966    119.43 180.02 226.38 644.82
phase 1/2/3 + jump+2 50        False  976.24 28254.59     3.46       19.61 -79.90 0.20   1490    125.58 149.85 178.96 545.76
phase 1/2/3 + jump+3 50        False  928.89 23652.26     3.93       18.21 -55.94 0.23   1241    115.22 136.21 173.48 529.34
         h1 + jump+3 50        False 1088.58 42003.26     2.59       16.39 -62.44 0.13   2262    133.90 131.45 145.50 672.33
phase 1/1/2 + jump+2 50        False 1120.69 41533.62     2.70       21.43 -83.90 0.10   2209    133.33 145.98 204.50 630.67
phase 1/2/2 + jump+2 50        False 1109.33 34042.71     3.26       22.27 -82.40 0.10   1813    124.94 151.60 179.94 660.83
phase 1/2/3 + jump+1 50         True  998.35 32557.00     3.07       17.31 -86.40 0.17   1346    130.25 160.37 185.38 543.09
phase 1/2/3 + jump+2 50         True  920.35 24409.50     3.77       21.23 -79.90 0.17   1017    131.32 152.95 151.40 523.69
phase 1/2/3 + jump+3 50         True  901.53 20014.00     4.50       16.71 -64.41 0.10    837    118.12 140.30 155.95 525.29
         h1 + jump+3 50         True  971.47 35737.00     2.72       15.84 -80.39 0.17   1479    118.00 137.08 129.58 582.25
phase 1/1/2 + jump+2 50         True  987.50 35524.50     2.78       19.86 -83.90 0.17   1465    135.85 154.62 137.89 570.86
phase 1/2/2 + jump+2 50         True  981.92 29812.00     3.29       17.26 -82.40 0.17   1238    133.80 154.58 145.47 575.49
